<html>
<body>
<pre>
<h1>µVision Build Log</h1>
<h2>Project:</h2>
D:\Keil\Labware\Lab16_IoT\getWeather.uvproj
Project File Date:  05/10/2016

<h2>Output:</h2>
</pre>
</body>
</html>

linking...
Program Size: Code=15120 RO-data=2276 RW-data=56 ZI-data=19816  
After Build - User command #1: fromelf --bin --output .\rvmdk\cc31000_starter.bin .\rvmdk\cc31000_starter.axf
".\rvmdk\getWeather.axf" - 0 Error(s), 0 Warning(s).
Load "D:\\Keil\\Labware\\Lab16_IoT\\rvmdk\\getWeather.axf" 
Connecting: Mode=JTAG, Speed=1000000Hz
Erase Done.
Programming Done.
Verify OK.
</pre>
</body>
</html>
